<html>
<head><title>KBase FastTree-2: DsrA.test</title></head>
<body bgcolor="white">
<img width=600 src="DsrA.test.png">
</body>
</html>